------------------------------------------------------------
Timing Analyzer Summary
------------------------------------------------------------

Type  : Slow 1100mV 85C Model Setup 'clock'
Slack : 43.691
TNS   : 0.000

Type  : Slow 1100mV 85C Model Hold 'clock'
Slack : 0.305
TNS   : 0.000

Type  : Slow 1100mV 85C Model Minimum Pulse Width 'clock'
Slack : 23.398
TNS   : 0.000

Type  : Slow 1100mV 0C Model Setup 'clock'
Slack : 43.627
TNS   : 0.000

Type  : Slow 1100mV 0C Model Hold 'clock'
Slack : 0.128
TNS   : 0.000

Type  : Slow 1100mV 0C Model Minimum Pulse Width 'clock'
Slack : 23.317
TNS   : 0.000

Type  : Fast 1100mV 85C Model Setup 'clock'
Slack : 47.239
TNS   : 0.000

Type  : Fast 1100mV 85C Model Hold 'clock'
Slack : 0.118
TNS   : 0.000

Type  : Fast 1100mV 85C Model Minimum Pulse Width 'clock'
Slack : 23.833
TNS   : 0.000

Type  : Fast 1100mV 0C Model Setup 'clock'
Slack : 47.333
TNS   : 0.000

Type  : Fast 1100mV 0C Model Hold 'clock'
Slack : 0.051
TNS   : 0.000

Type  : Fast 1100mV 0C Model Minimum Pulse Width 'clock'
Slack : 23.821
TNS   : 0.000

------------------------------------------------------------
